[
  {
    "asctime": "2019-12-19 08:42:32,135",
    "pid": "19627",
    "levelname": "INFO",
    "dbname": "?",
    "logger": "odoo.addons.queue_job.jobrunner.runner",
    "message": "database connections ready",
    "raw": "2019-12-19 08:42:32,135 19627 INFO ? odoo.addons.queue_job.jobrunner.runner: database connections ready\n"
  },
  {
    "asctime": "2019-12-19 08:42:32,892",
    "pid": "19649",
    "levelname": "INFO",
    "dbname": "odoo13-dev",
    "logger": "werkzeug",
    "message": "127.0.0.1 - - [19/Dec/2019 08:42:32] \"GET /web/static/lib/bootstrap/scss/web.assets_common/_functions.scss.css HTTP/1.1\" 304 - 3 0.002 0.006",
    "raw": "2019-12-19 08:42:32,892 19649 INFO odoo13-dev werkzeug: 127.0.0.1 - - [19/Dec/2019 08:42:32] \"GET /web/static/lib/bootstrap/scss/web.assets_common/_functions.scss.css HTTP/1.1\" 304 - 3 0.002 0.006\n",
    "remote_addr": "127.0.0.1",
    "request_method": "GET",
    "request_uri": "/web/static/lib/bootstrap/scss/web.assets_common/_functions.scss.css",
    "status": "304",
    "perf_info": "3 0.002 0.006",
    "sql_count": "3",
    "sql_time": "0.002",
    "other_time": "0.006"
  },
  {
    "asctime": "2019-12-19 08:42:35,044",
    "pid": "19647",
    "levelname": "INFO",
    "dbname": "odoo13-dev",
    "logger": "werkzeug",
    "message": "127.0.0.1 - - [19/Dec/2019 08:42:35] \"POST /web/dataset/call_kw/res.users/systray_get_activities HTTP/1.1\" 200 -",
    "raw": "2019-12-19 08:42:35,044 19647 INFO odoo13-dev werkzeug: 127.0.0.1 - - [19/Dec/2019 08:42:35] \"POST /web/dataset/call_kw/res.users/systray_get_activities HTTP/1.1\" 200 -\n",
    "remote_addr": "127.0.0.1",
    "request_method": "POST",
    "request_uri": "/web/dataset/call_kw/res.users/systray_get_activities",
    "status": "200"
  },
  {
    "asctime": "2019-12-19 08:42:35,044",
    "pid": "19647",
    "levelname": "INFO",
    "dbname": "odoo13-dev",
    "logger": "werkzeug",
    "message": "127.0.0.1 - - [19/Dec/2019 08:42:35] \"POST /web/dataset/call_kw/res.users/systray_get_activities HTTP/1.1\" 200 - 19 0.018 0.025 - More",
    "raw": "2019-12-19 08:42:35,044 19647 INFO odoo13-dev werkzeug: 127.0.0.1 - - [19/Dec/2019 08:42:35] \"POST /web/dataset/call_kw/res.users/systray_get_activities HTTP/1.1\" 200 - 19 0.018 0.025 - More\n",
    "remote_addr": "127.0.0.1",
    "request_method": "POST",
    "request_uri": "/web/dataset/call_kw/res.users/systray_get_activities",
    "status": "200",
    "perf_info": "19 0.018 0.025",
    "sql_count": "19",
    "sql_time": "0.018",
    "other_time": "0.025"
  }
]
